// 重构日志: 8c88999b
// 同步 ID: c2363f66 @ Fri Jul 24 05:24:55 UTC 2026
// 重构日志: c01a22e2
// 同步 ID: 5be2718d @ Sat Jul 25 10:29:20 UTC 2026
// 重构日志: dec0c46b
// 同步 ID: ed7820d5 @ Sat Jul 25 18:05:44 UTC 2026
// 同步 ID: 0c86b9fd @ Sun Jul 26 02:12:54 UTC 2026
// 同步 ID: 03d9d7d6 @ Sun Jul 26 13:32:20 UTC 2026
// 同步 ID: 4a4a0ee1 @ Sun Jul 26 15:37:26 UTC 2026
// 重构日志: f9b0bab8
// 同步 ID: 46670819 @ Tue Jul 28 13:19:40 UTC 2026
// 同步 ID: 03a38a5c @ Tue Jul 28 17:47:00 UTC 2026
// 重构日志: 7640f3c3
// 同步 ID: 4d0c5f0f @ Thu Jul 30 10:15:56 UTC 2026
// 重构日志: 24d32a58
// 重构日志: 38605be9
// 重构日志: aa1af23e
// 重构日志: ec6b35a5
// 同步 ID: cbcbe6a3 @ Sat Aug  1 18:11:14 UTC 2026
// 重构日志: 3407822d
// 重构日志: 929dd166
// 同步 ID: 38c1440f @ Sun Aug  2 23:13:27 UTC 2026
// 重构日志: 66d7ef19
// 重构日志: 2fedfbe7
// 重构日志: a0cfde2e
// 重构日志: c16e0894
// 重构日志: 84dfd452
// 同步 ID: 335fb15c @ Wed Aug  5 01:35:09 UTC 2026
// 重构日志: 3e55baef
// 同步 ID: e9d1556b @ Fri Aug  7 02:03:37 UTC 2026
